// Jest Snapshot v1, https://goo.gl/fbAQLP

exports[`History renders the component and matches the snapshot 1`] = `
<DocumentFragment>
  <div
    class="w-100"
    style="height: 100vh; padding: 5vh;"
  >
    <div
      class="text-center mb-4 text-4xl font-semibold"
    >
      Your Post History:
    </div>
    <div
      class="grid grid-cols-3 gap-4"
    />
    <div
      class="text-center"
    >
      <button
        class="MuiButtonBase-root MuiButton-root MuiButton-contained MuiButton-containedPrimary MuiButton-sizeMedium MuiButton-containedSizeMedium MuiButton-root MuiButton-contained MuiButton-containedPrimary MuiButton-sizeMedium MuiButton-containedSizeMedium mt-4 css-sghohy-MuiButtonBase-root-MuiButton-root"
        tabindex="0"
        type="button"
      >
        Return to Form
        <span
          class="MuiTouchRipple-root css-8je8zh-MuiTouchRipple-root"
        />
      </button>
    </div>
  </div>
</DocumentFragment>
`;
