// Jest Snapshot v1, https://goo.gl/fbAQLP

exports[`DataVisualization renders the component and matches the snapshot 1`] = `
<DocumentFragment>
  <div
    class="flex flex-col items-center justify-center space-y-4"
  >
    <button
      class="text-white w-[24vw] bg-blue-900 mt-4 hover:bg-blue-950 hover:scale-105 active:scale-100 duration-150 font-medium rounded px-5 py-4 focus:outline-none"
      type="button"
    >
      Return to Form
    </button>
    <h1
      class="MuiTypography-root MuiTypography-h4 mb-4 css-5lbw0b-MuiTypography-root"
    >
      Your Post History:
    </h1>
  </div>
</DocumentFragment>
`;
